// Jest Snapshot v1, https://goo.gl/fbAQLP

exports[`renders as expected 1`] = `
<div>
  <nav
    class="es-sidenav sc-bwzfXH fOrtDJ"
  >
    <ul>
      <li
        class="es-sidenav__navitem sc-bxivhb iZeuHO"
      >
        <button
          class="sc-bZQynM fIiSIF"
          style="justify-content: center;"
          type="button"
        >
          <span>
            Home
          </span>
        </button>
      </li>
      <li
        class="es-sidenav__navitem sc-bxivhb edRgYc"
      >
        <button
          class="sc-bZQynM fIiSIF"
          style="justify-content: center;"
          type="button"
        >
          <span>
            Cart
          </span>
        </button>
      </li>
      <li
        class="es-sidenav__navitem sc-bxivhb edRgYc"
      >
        <a
          class="sc-bZQynM fIiSIF"
          href="https://google.com"
          style="justify-content: center;"
        >
          <span>
            External Link
          </span>
        </a>
      </li>
      <li
        class="es-sidenav__navitem sc-bxivhb XuCTj"
      >
        <button
          class="sc-bZQynM fIiSIF"
          style="justify-content: center;"
          type="button"
        >
          <span>
            Disabled
          </span>
        </button>
      </li>
    </ul>
  </nav>
</div>
`;
